// Vitest Snapshot v1, https://vitest.dev/guide/snapshot.html

exports[`dashboard page > matches snapshot (onboarding state) 1`] = `
"<main class="wrap">
  <dashboard-subbar-stub is-onboarding="true" source-count="0"></dashboard-subbar-stub><!-- onboarding empty state -->
  <dashboard-onboarding-stub></dashboard-onboarding-stub>
</main>"
`;
