// Vitest Snapshot v1, https://vitest.dev/guide/snapshot.html

exports[`settings page > matches snapshot 1`] = `
"<main class="wrap">
  <div class="settings">
    <nav class="set-nav"><a href="/settings/feeds" active-class="active">Feeds</a><a href="/settings/connections" active-class="active">Connections</a><a href="/settings/reading" active-class="active">Reading</a><a href="/settings/account" active-class="active">Account</a></nav>
    <div class="set-main">
      <div></div>
    </div>
  </div>
</main>"
`;
