// Vitest Snapshot v1, https://vitest.dev/guide/snapshot.html

exports[`MarketingFooter > matches snapshot 1`] = `
"<footer class="mfoot">
  <div class="wrap">
    <div class="mfoot-in">
      <div><a href="/" class="rlogo">
          <r-logo-stub size="24" words=""></r-logo-stub>
        </a>
        <p class="blurb"> Every feed you follow — articles, podcasts, videos, posts — in one quiet, chronological place. </p>
      </div>
      <div class="col">
        <h4>Product</h4><a href="/#features">Features</a><a href="/pricing">Pricing</a><a href="/dashboard">Open app</a>
      </div>
      <div class="col">
        <h4>Sources</h4><span>RSS &amp; Atom</span><span>Podcasts</span><span>YouTube</span><span>X &amp; Instagram</span>
      </div>
      <div class="col">
        <h4>Company</h4><span>About</span><span>Changelog</span><span>Privacy</span><span>Contact</span>
      </div>
    </div>
    <div class="mfoot-base"><span>© 2026 Reader — a quiet place for your feeds.</span><span>Built with JetBrains Mono · Nuxt 4</span></div>
  </div>
</footer>"
`;
